// Jest Snapshot v1, https://goo.gl/fbAQLP

exports[`App.test.js has the expected html structure 1`] = `
<v-app>
  <snackbar-stub />
   
  <router-view />
</v-app>
`;
